### Figure1 ###
1
.
 FAIL
:
 
图中
未
包含
 A
-F
 
字母
标注
的
独立
子
图
面板
，
而是
采用
 
5
 
列
流程
式
布局
（
无
 panel
 
划分
），
因此
“
panel
 
字母
 A
-F
”
这一
前提
不适用
；
若
强行
套用
标准
多
子
图
排版
规范
，
则
视为
缺失
。


2
.
 PASS
：
所有
文字
均
清晰
可读
，
无
重叠
、
截
断
或
压
住
数据
点
/
图形
元素
的情况
。


3
.
 PASS
：
配色
按
列
区分
明确
（
蓝
→
绿
→
橙
→
红
→
紫
），
各
模块
视觉
隔离
良好
；
图形
为
流程图
风格
，
非
数据
可视化
图
，
但
整体
清晰度
与
可
辨识度
达标
。
### Figure2 ###
1
.
 FAIL
：
图像
为
单
张
流程图
，
无
子
图
及
面板
标签
（
A
-F
），
无法
验证
位置
要求
。
  

2
.
 PASS
：
文字
清晰
可读
，
无
重叠
、
截
断
或
压
住
数据
点
现象
。
  

3
.
 PASS
：
图形
线条
与
框
体
边界
清晰
，
配色
区分
明确
（
灰
、
蓝
、
绿
、
橙
、
紫
、
红
等
），
视觉
层次
分明
。
### Figure3 ###
基于
提供的
图片
 f
3
.png
，
最终
检查结果
如下
：



1
.
 **
PASS
**
 (
字母
A
-F
均
位于
各
子
图
轴
框
外的
左上
角
空白
区域
，
位置
规范
)


2
.
 **
PASS
**
 (
无
文字
重叠
、
截
断
或
遮挡
数据
点
现象
；
E
图的
数值
标签
与
线条
间距
适中
)


3
.
 **
PASS
**
 (
图形
清晰
度高
；
F
图中
Internal
/
External
的
蓝
棕色
对比
鲜明
，
D
/E
图
配色
可
区分
)
### Figure4 ###
1
.
 **
PASS
**
 A
-I
 
所有
字母
均
位于
各
子
图
左上
角
绘图
区
外的
留
白
处
，
未
侵入
坐标
轴
或
数据
区域
。


2
.
 **
PASS
**
 
无
文字
重叠
、
截
断
或
遮挡
关键
数据
点
现象
（
G
图中
长
标签
已
省略
处理
）。


3
.
 **
PASS
**
 
图形
清晰
度高
，
主
配色
对比
鲜明
；
仅
C
图
内
两
模型
色
块
色
相
相近
，
但
已通过
位置
区分
，
不影响
辨识
。
### Figure5 ###
1
.
 **
PASS
**
：
字母
A
-F
均
位于
各
子
图
左上
角
轴
框
外的
留
白
区域
，
未
侵入
绘图
区
或
覆盖
数据
内容
。
  

2
.
 **
PASS
**
：
无
文字
重叠
、
截
断
或
压
住
数据
点
；
所有
标签
与
数值
清晰
可读
，
布局
合理
。
  

3
.
 **
PASS
**
：
图形
整体
清晰
，
配色
方案
（
蓝
-
橙
为主
）
对比
度高
，
模型
间
颜色
可
明确
区分
，
符合
视觉
传达
标准
。
### Figure6 ###
PASS
:
 A
-F
 
字母
均
位于
各
子
图
左上
角
轴
框
外
上方
留
白
区
，
未
侵入
绘图
区
或
覆盖
数据
。
  

PASS
:
 
无
文字
重叠
、
截
断
或
压
住
数据
点
现象
；
所有
标签
清晰
可读
且
与
图形
元素
分离
。
  

PASS
:
 
图形
整体
清晰
度高
，
配色
（
橙
/
蓝
/
灰
）
对比
鲜明
，
各
子
图
及
内部
元素
可
明确
区分
。
### Figure7 ###
1
.
 **
PASS
**:
 Panel
字母
A
-I
均已
正确
放置在
各自
子
图
左上
角
轴
框
外
，
无
压
住
坐标
轴
或
标题
。


2
.
 **
PASS
**:
 
整体
无明显
文字
重叠
；
D
和
F
左侧
标签
虽
密集
但
排列
清晰
，
G
、
H
、
I
内部
数字
未
遮挡
数据
点
。


3
.
 **
PASS
**:
 
图形
清晰
度高
，
配色
区分
良好
（
如
A
/F
的
橙
/
蓝
对比
，
B
中
异常
值
高
亮
），
各
图
视觉
层级
分明
。
### Figure8 ###
PASS
 panel
字母
A
-F
均
位于
各
子
图
轴
框
外
左上
角
（
悬
于
绘图
区
上方
留
白
，
未
侵入
坐标
轴
内
）。
  

PASS
 
无
文字
重叠
、
截
断
或
压
住
数据
点
；
标签
与
数值
清晰
分离
，
如
C
图中
“
0
.
8
7
8
”
、“
0
.
0
9
9
”
等
均未
遮挡
点
或
线
。
  

PASS
 
图形
整体
清晰
锐
利
；
配色
可
区分
——
A
/H
绿色
系
+
红色
对比
明显
，
B
/C
橙色
/
蓝色
/
灰色
层次
分明
，
E
色
带
连续
且
D
柱
状
图
三
色系
（
蓝
/
橙
/
绿
）
易于
辨识
。

written: C:\Users\TS\WorkBuddy\HydroGelNet\results\audit\qwen_final_audit.md
