This is pdfTeX, Version 3.141592653-2.6-1.40.28 (MiKTeX 25.12) (preloaded format=pdflatex 2026.8.7)  9 AUG 2026 14:04
entering extended mode
 restricted \write18 enabled.
 %&-line parsing enabled.
**./_syntax_body.tex
(_syntax_body.tex
LaTeX2e <2025-11-01>
L3 programming layer <2025-12-24>
(C:\Users\TS\AppData\Local\Programs\MiKTeX\tex/latex/base\article.cls
Document Class: article 2025/01/22 v1.4n Standard LaTeX document class
(C:\Users\TS\AppData\Local\Programs\MiKTeX\tex/latex/base\size10.clo
File: size10.clo 2025/01/22 v1.4n Standard LaTeX file (size option)
)
\c@part=\count275
\c@section=\count276
\c@subsection=\count277
\c@subsubsection=\count278
\c@paragraph=\count279
\c@subparagraph=\count280
\c@figure=\count281
\c@table=\count282
\abovecaptionskip=\skip49
\belowcaptionskip=\skip50
\bibindent=\dimen148
)
(C:\Users\TS\AppData\Local\Programs\MiKTeX\tex/latex/geometry\geometry.sty
Package: geometry 2026/03/07 v6.0 Page Geometry

(C:\Users\TS\AppData\Local\Programs\MiKTeX\tex/latex/graphics\keyval.sty
Package: keyval 2022/05/29 v1.15 key=value parser (DPC)
\KV@toks@=\toks17
)
(C:\Users\TS\AppData\Local\Programs\MiKTeX\tex/generic/iftex\ifvtex.sty
Package: ifvtex 2019/10/25 v1.7 ifvtex legacy package. Use iftex instead.

(C:\Users\TS\AppData\Local\Programs\MiKTeX\tex/generic/iftex\iftex.sty
Package: iftex 2024/12/12 v1.0g TeX engine tests
))
\Gm@cnth=\count283
\Gm@cntv=\count284
\c@Gm@tempcnt=\count285
\Gm@bindingoffset=\dimen149
\Gm@wd@mp=\dimen150
\Gm@odd@mp=\dimen151
\Gm@even@mp=\dimen152
\Gm@layoutwidth=\dimen153
\Gm@layoutheight=\dimen154
\Gm@layouthoffset=\dimen155
\Gm@layoutvoffset=\dimen156
\Gm@dimlist=\toks18

(C:\Users\TS\AppData\Local\Programs\MiKTeX\tex/latex/geometry\geometry.cfg))
(C:\Users\TS\AppData\Local\Programs\MiKTeX\tex/latex/graphics\graphicx.sty
Package: graphicx 2024/12/31 v1.2e Enhanced LaTeX Graphics (DPC,SPQR)

(C:\Users\TS\AppData\Local\Programs\MiKTeX\tex/latex/graphics\graphics.sty
Package: graphics 2024/08/06 v1.4g Standard LaTeX Graphics (DPC,SPQR)

(C:\Users\TS\AppData\Local\Programs\MiKTeX\tex/latex/graphics\trig.sty
Package: trig 2023/12/02 v1.11 sin cos tan (DPC)
)
(C:\Users\TS\AppData\Local\Programs\MiKTeX\tex/latex/graphics-cfg\graphics.cfg
File: graphics.cfg 2016/06/04 v1.11 sample graphics configuration
)
Package graphics Info: Driver file: pdftex.def on input line 106.
(C:\Users\TS\AppData\Local\Programs\MiKTeX\tex/latex/graphics-def\pdftex.def
File: pdftex.def 2025/09/29 v1.2d Graphics/color driver for pdftex
))
\Gin@req@height=\dimen157
\Gin@req@width=\dimen158
) (C:\Users\TS\AppData\Local\Programs\MiKTeX\tex/latex/caption\caption.sty
Package: caption 2023/08/05 v3.6o Customizing captions (AR)

(C:\Users\TS\AppData\Local\Programs\MiKTeX\tex/latex/caption\caption3.sty
Package: caption3 2023/07/31 v2.4d caption3 kernel (AR)
\caption@tempdima=\dimen159
\captionmargin=\dimen160
\caption@leftmargin=\dimen161
\caption@rightmargin=\dimen162
\caption@width=\dimen163
\caption@indent=\dimen164
\caption@parindent=\dimen165
\caption@hangindent=\dimen166
Package caption Info: Standard document class detected.
)
\c@caption@flags=\count286
\c@continuedfloat=\count287
)
(C:\Users\TS\AppData\Local\Programs\MiKTeX\tex/latex/amsmath\amsmath.sty
Package: amsmath 2025/07/09 v2.17z AMS math features
\@mathmargin=\skip51

For additional information on amsmath, use the `?' option.
(C:\Users\TS\AppData\Local\Programs\MiKTeX\tex/latex/amsmath\amstext.sty
Package: amstext 2024/11/17 v2.01 AMS text

(C:\Users\TS\AppData\Local\Programs\MiKTeX\tex/latex/amsmath\amsgen.sty
File: amsgen.sty 1999/11/30 v2.0 generic functions
\@emptytoks=\toks19
\ex@=\dimen167
))
(C:\Users\TS\AppData\Local\Programs\MiKTeX\tex/latex/amsmath\amsbsy.sty
Package: amsbsy 1999/11/29 v1.2d Bold Symbols
\pmbraise@=\dimen168
)
(C:\Users\TS\AppData\Local\Programs\MiKTeX\tex/latex/amsmath\amsopn.sty
Package: amsopn 2022/04/08 v2.04 operator names
)
\inf@bad=\count288
LaTeX Info: Redefining \frac on input line 233.
\uproot@=\count289
\leftroot@=\count290
LaTeX Info: Redefining \overline on input line 398.
LaTeX Info: Redefining \colon on input line 409.
\classnum@=\count291
\DOTSCASE@=\count292
LaTeX Info: Redefining \ldots on input line 495.
LaTeX Info: Redefining \dots on input line 498.
LaTeX Info: Redefining \cdots on input line 619.
\Mathstrutbox@=\box53
\strutbox@=\box54
LaTeX Info: Redefining \big on input line 721.
LaTeX Info: Redefining \Big on input line 722.
LaTeX Info: Redefining \bigg on input line 723.
LaTeX Info: Redefining \Bigg on input line 724.
\big@size=\dimen169
LaTeX Font Info:    Redeclaring font encoding OML on input line 742.
LaTeX Font Info:    Redeclaring font encoding OMS on input line 743.
\macc@depth=\count293
LaTeX Info: Redefining \bmod on input line 904.
LaTeX Info: Redefining \pmod on input line 909.
LaTeX Info: Redefining \smash on input line 939.
LaTeX Info: Redefining \relbar on input line 969.
LaTeX Info: Redefining \Relbar on input line 970.
\c@MaxMatrixCols=\count294
\dotsspace@=\muskip17
\c@parentequation=\count295
\dspbrk@lvl=\count296
\tag@help=\toks20
\row@=\count297
\column@=\count298
\maxfields@=\count299
\andhelp@=\toks21
\eqnshift@=\dimen170
\alignsep@=\dimen171
\tagshift@=\dimen172
\tagwidth@=\dimen173
\totwidth@=\dimen174
\lineht@=\dimen175
\@envbody=\toks22
\multlinegap=\skip52
\multlinetaggap=\skip53
\mathdisplay@stack=\toks23
LaTeX Info: Redefining \[ on input line 2950.
LaTeX Info: Redefining \] on input line 2951.
)
(C:\Users\TS\AppData\Local\Programs\MiKTeX\tex/latex/booktabs\booktabs.sty
Package: booktabs 2020/01/12 v1.61803398 Publication quality tables
\heavyrulewidth=\dimen176
\lightrulewidth=\dimen177
\cmidrulewidth=\dimen178
\belowrulesep=\dimen179
\belowbottomsep=\dimen180
\aboverulesep=\dimen181
\abovetopsep=\dimen182
\cmidrulesep=\dimen183
\cmidrulekern=\dimen184
\defaultaddspace=\dimen185
\@cmidla=\count300
\@cmidlb=\count301
\@aboverulesep=\dimen186
\@belowrulesep=\dimen187
\@thisruleclass=\count302
\@lastruleclass=\count303
\@thisrulewidth=\dimen188
)
(C:\Users\TS\AppData\Local\Programs\MiKTeX\tex/latex/multirow\multirow.sty
Package: multirow 2024/11/12 v2.9 Span multiple rows of a table
\multirow@colwidth=\skip54
\multirow@cntb=\count304
\multirow@dima=\skip55
\bigstrutjot=\dimen189
)
(C:\Users\TS\AppData\Local\Programs\MiKTeX\tex/latex/hyperref\hyperref.sty
Package: hyperref 2025-07-12 v7.01o Hypertext links for LaTeX

(C:\Users\TS\AppData\Local\Programs\MiKTeX\tex/latex/kvsetkeys\kvsetkeys.sty
Package: kvsetkeys 2022-10-05 v1.19 Key value parser (HO)
)
(C:\Users\TS\AppData\Local\Programs\MiKTeX\tex/generic/kvdefinekeys\kvdefinekey
s.sty
Package: kvdefinekeys 2019-12-19 v1.6 Define keys (HO)
)
(C:\Users\TS\AppData\Local\Programs\MiKTeX\tex/generic/pdfescape\pdfescape.sty
Package: pdfescape 2019/12/09 v1.15 Implements pdfTeX's escape features (HO)

(C:\Users\TS\AppData\Local\Programs\MiKTeX\tex/generic/ltxcmds\ltxcmds.sty
Package: ltxcmds 2023-12-04 v1.26 LaTeX kernel commands for general use (HO)
)
(C:\Users\TS\AppData\Local\Programs\MiKTeX\tex/generic/pdftexcmds\pdftexcmds.st
y
Package: pdftexcmds 2020-06-27 v0.33 Utility functions of pdfTeX for LuaTeX (HO
)

(C:\Users\TS\AppData\Local\Programs\MiKTeX\tex/generic/infwarerr\infwarerr.sty
Package: infwarerr 2019/12/03 v1.5 Providing info/warning/error messages (HO)
)
Package pdftexcmds Info: \pdf@primitive is available.
Package pdftexcmds Info: \pdf@ifprimitive is available.
Package pdftexcmds Info: \pdfdraftmode found.
)) (C:\Users\TS\AppData\Local\Programs\MiKTeX\tex/latex/hycolor\hycolor.sty
Package: hycolor 2020-01-27 v1.10 Color options for hyperref/bookmark (HO)
)
(C:\Users\TS\AppData\Local\Programs\MiKTeX\tex/latex/hyperref\nameref.sty
Package: nameref 2025-06-21 v2.57 Cross-referencing by name of section

(C:\Users\TS\AppData\Local\Programs\MiKTeX\tex/latex/refcount\refcount.sty
Package: refcount 2019/12/15 v3.6 Data extraction from label references (HO)
)
(C:\Users\TS\AppData\Local\Programs\MiKTeX\tex/generic/gettitlestring\gettitles
tring.sty
Package: gettitlestring 2019/12/15 v1.6 Cleanup title references (HO)

(C:\Users\TS\AppData\Local\Programs\MiKTeX\tex/latex/kvoptions\kvoptions.sty
Package: kvoptions 2022-06-15 v3.15 Key value format for package options (HO)
))
\c@section@level=\count305
) (C:\Users\TS\AppData\Local\Programs\MiKTeX\tex/latex/etoolbox\etoolbox.sty
Package: etoolbox 2025/10/02 v2.5m e-TeX tools for LaTeX (JAW)
\etb@tempcnta=\count306
)
(C:\Users\TS\AppData\Local\Programs\MiKTeX\tex/generic/stringenc\stringenc.sty
Package: stringenc 2019/11/29 v1.12 Convert strings between diff. encodings (HO
)
)
\@linkdim=\dimen190
\Hy@linkcounter=\count307
\Hy@pagecounter=\count308
(C:\Users\TS\AppData\Local\Programs\MiKTeX\tex/latex/hyperref\pd1enc.def
File: pd1enc.def 2025-07-12 v7.01o Hyperref: PDFDocEncoding definition (HO)
Now handling font encoding PD1 ...
... no UTF-8 mapping file for font encoding PD1
)
(C:\Users\TS\AppData\Local\Programs\MiKTeX\tex/generic/intcalc\intcalc.sty
Package: intcalc 2019/12/15 v1.3 Expandable calculations with integers (HO)
)
\Hy@SavedSpaceFactor=\count309

(C:\Users\TS\AppData\Local\Programs\MiKTeX\tex/latex/hyperref\puenc.def
File: puenc.def 2025-07-12 v7.01o Hyperref: PDF Unicode definition (HO)
Now handling font encoding PU ...
... no UTF-8 mapping file for font encoding PU
)
Package hyperref Info: Hyper figures OFF on input line 4195.
Package hyperref Info: Link nesting OFF on input line 4200.
Package hyperref Info: Hyper index ON on input line 4203.
Package hyperref Info: Plain pages OFF on input line 4210.
Package hyperref Info: Backreferencing OFF on input line 4215.
Package hyperref Info: Implicit mode ON; LaTeX internals redefined.
Package hyperref Info: Bookmarks ON on input line 4462.
\c@Hy@tempcnt=\count310

(C:\Users\TS\AppData\Local\Programs\MiKTeX\tex/latex/url\url.sty
\Urlmuskip=\muskip18
Package: url 2013/09/16  ver 3.4  Verb mode for urls, etc.
)
LaTeX Info: Redefining \url on input line 4801.
\XeTeXLinkMargin=\dimen191

(C:\Users\TS\AppData\Local\Programs\MiKTeX\tex/generic/bitset\bitset.sty
Package: bitset 2019/12/09 v1.3 Handle bit-vector datatype (HO)

(C:\Users\TS\AppData\Local\Programs\MiKTeX\tex/generic/bigintcalc\bigintcalc.st
y
Package: bigintcalc 2019/12/15 v1.5 Expandable calculations on big integers (HO
)
))
\Fld@menulength=\count311
\Field@Width=\dimen192
\Fld@charsize=\dimen193
Package hyperref Info: Hyper figures OFF on input line 6078.
Package hyperref Info: Link nesting OFF on input line 6083.
Package hyperref Info: Hyper index ON on input line 6086.
Package hyperref Info: backreferencing OFF on input line 6093.
Package hyperref Info: Link coloring OFF on input line 6098.
Package hyperref Info: Link coloring with OCG OFF on input line 6103.
Package hyperref Info: PDF/A mode OFF on input line 6108.
\Hy@abspage=\count312
\c@Item=\count313
\c@Hfootnote=\count314
)
Package hyperref Info: Driver (autodetected): hpdftex.
 (C:\Users\TS\AppData\Local\Programs\MiKTeX\tex/latex/hyperref\hpdftex.def
File: hpdftex.def 2025-07-12 v7.01o Hyperref driver for pdfTeX
\Fld@listcount=\count315
\c@bookmark@seq@number=\count316

(C:\Users\TS\AppData\Local\Programs\MiKTeX\tex/latex/rerunfilecheck\rerunfilech
eck.sty
Package: rerunfilecheck 2025-06-21 v1.11 Rerun checks for auxiliary files (HO)

(C:\Users\TS\AppData\Local\Programs\MiKTeX\tex/generic/uniquecounter\uniquecoun
ter.sty
Package: uniquecounter 2019/12/15 v1.4 Provide unlimited unique counter (HO)
)
Package uniquecounter Info: New unique counter `rerunfilecheck' on input line 2
84.
)
\Hy@SectionHShift=\skip56
)
(C:\Users\TS\AppData\Local\Programs\MiKTeX\tex/latex/caption\subcaption.sty
Package: subcaption 2023/07/28 v1.6b Sub-captions (AR)
Package caption Info: New subtype `subfigure' on input line 238.
\c@subfigure=\count317
Package caption Info: New subtype `subtable' on input line 238.
\c@subtable=\count318
)
(C:\Users\TS\AppData\Local\Programs\MiKTeX\tex/latex/l3backend\l3backend-pdftex
.def
File: l3backend-pdftex.def 2025-10-09 L3 backend support: PDF output (pdfTeX)
\l__color_backend_stack_int=\count319
)
No file _syntax_body.aux.
\openout1 = `_syntax_body.aux'.

LaTeX Font Info:    Checking defaults for OML/cmm/m/it on input line 11.
LaTeX Font Info:    ... okay on input line 11.
LaTeX Font Info:    Checking defaults for OMS/cmsy/m/n on input line 11.
LaTeX Font Info:    ... okay on input line 11.
LaTeX Font Info:    Checking defaults for OT1/cmr/m/n on input line 11.
LaTeX Font Info:    ... okay on input line 11.
LaTeX Font Info:    Checking defaults for T1/cmr/m/n on input line 11.
LaTeX Font Info:    ... okay on input line 11.
LaTeX Font Info:    Checking defaults for TS1/cmr/m/n on input line 11.
LaTeX Font Info:    ... okay on input line 11.
LaTeX Font Info:    Checking defaults for OMX/cmex/m/n on input line 11.
LaTeX Font Info:    ... okay on input line 11.
LaTeX Font Info:    Checking defaults for U/cmr/m/n on input line 11.
LaTeX Font Info:    ... okay on input line 11.
LaTeX Font Info:    Checking defaults for PD1/pdf/m/n on input line 11.
LaTeX Font Info:    ... okay on input line 11.
LaTeX Font Info:    Checking defaults for PU/pdf/m/n on input line 11.
LaTeX Font Info:    ... okay on input line 11.
*geometry* driver: auto-detecting
*geometry* detected driver: pdftex
*geometry* verbose mode - [ preamble ] result:
* driver: pdftex
* paper: <default>
* layout: <same size as paper>
* layoutoffset:(h,v)=(0.0pt,0.0pt)
* modes: 
* h-part:(L,W,R)=(43.36243pt, 527.57014pt, 43.36243pt)
* v-part:(T,H,B)=(43.36243pt, 708.24513pt, 43.36243pt)
* \paperwidth=614.295pt
* \paperheight=794.96999pt
* \textwidth=527.57014pt
* \textheight=708.24513pt
* \oddsidemargin=-28.90756pt
* \evensidemargin=-28.90756pt
* \topmargin=-65.90756pt
* \headheight=12.0pt
* \headsep=25.0pt
* \topskip=10.0pt
* \footskip=30.0pt
* \marginparwidth=65.0pt
* \marginparsep=11.0pt
* \columnsep=10.0pt
* \skip\footins=9.0pt plus 4.0pt minus 2.0pt
* \hoffset=0.0pt
* \voffset=0.0pt
* \mag=1000
* \@twocolumnfalse
* \@twosidefalse
* \@mparswitchfalse
* \@reversemarginfalse
* (1in=72.27pt=25.4mm, 1cm=28.453pt)

(C:\Users\TS\AppData\Local\Programs\MiKTeX\tex/context/base/mkii\supp-pdf.mkii
[Loading MPS to PDF converter (version 2006.09.02).]
\scratchcounter=\count320
\scratchdimen=\dimen194
\scratchbox=\box55
\nofMPsegments=\count321
\nofMParguments=\count322
\everyMPshowfont=\toks24
\MPscratchCnt=\count323
\MPscratchDim=\dimen195
\MPnumerator=\count324
\makeMPintoPDFobject=\count325
\everyMPtoPDFconversion=\toks25
)
(C:\Users\TS\AppData\Local\Programs\MiKTeX\tex/latex/epstopdf-pkg\epstopdf-base
.sty
Package: epstopdf-base 2020-01-24 v2.11 Base part for package epstopdf
Package epstopdf-base Info: Redefining graphics rule for `.eps' on input line 4
85.

(C:\Users\TS\AppData\Local\Programs\MiKTeX\tex/latex/00miktex\epstopdf-sys.cfg
File: epstopdf-sys.cfg 2021/03/18 v2.0 Configuration of epstopdf for MiKTeX
))
Package caption Info: Begin \AtBeginDocument code.
Package caption Info: hyperref package is loaded.
Package caption Info: End \AtBeginDocument code.
Package hyperref Info: Link coloring OFF on input line 11.
\@outlinefile=\write3
\openout3 = `_syntax_body.out'.



! LaTeX Error: Can be used only in preamble.

See the LaTeX manual or LaTeX Companion for explanation.
Type  H <return>  for immediate help.
 ...                                              
                                                  
l.12 \begin{document}
                     
Your command was ignored.
Type  I <command> <return>  to replace it with another command,
or  <return>  to continue without it.

! Undefined control sequence.
l.29  \keyFont
              { \section{Keywords} Hydrogel, Biohybrid interfaces, Machine l...
The control sequence at the end of the top line
of your error message was never \def'ed. If you have
misspelled it (e.g., `\hobx'), type `I' and the correct
spelling (e.g., `I\hbox'). Otherwise just continue,
and I'll forget about whatever was undefined.


LaTeX Warning: Citation `liao2025nature' on page 1 undefined on input line 34.


LaTeX Warning: Citation `peppas2000hydrogels' on page 1 undefined on input line
 34.


LaTeX Warning: Citation `calvert2009hydrogels' on page 1 undefined on input lin
e 34.


LaTeX Warning: Citation `recent2021pei' on page 1 undefined on input line 34.


LaTeX Warning: Citation `recent2021herrmann' on page 1 undefined on input line 
34.


LaTeX Warning: Citation `recent2024li' on page 1 undefined on input line 34.


LaTeX Warning: Citation `recent2025segneanu' on page 1 undefined on input line 
34.


LaTeX Warning: Citation `himanen2020datadriven' on page 1 undefined on input li
ne 34.


LaTeX Warning: Citation `butler2018machine' on page 1 undefined on input line 3
4.


LaTeX Warning: Citation `cui2021wetadhesion' on page 1 undefined on input line 
34.


LaTeX Warning: Citation `varaprasad2017hydrogel' on page 1 undefined on input l
ine 34.


LaTeX Warning: Citation `suneetha2019injectable' on page 1 undefined on input l
ine 34.


LaTeX Warning: Citation `recent2021song' on page 1 undefined on input line 34.


LaTeX Warning: Citation `recent2021xue' on page 1 undefined on input line 34.


LaTeX Warning: Citation `recent2023lee' on page 1 undefined on input line 34.


LaTeX Warning: Citation `recent2022cheng' on page 1 undefined on input line 34.



LaTeX Warning: Citation `recent2021zhang' on page 1 undefined on input line 34.



LaTeX Warning: Citation `recent2023linghu' on page 1 undefined on input line 34
.


LaTeX Warning: Citation `ward2018matminer' on page 1 undefined on input line 34
.


LaTeX Warning: Citation `schmidt2019recent' on page 1 undefined on input line 3
6.


LaTeX Warning: Citation `ramprasad2017machine' on page 1 undefined on input lin
e 36.


LaTeX Warning: Citation `aitchison1986' on page 1 undefined on input line 36.


LaTeX Warning: Citation `recent2022zhong' on page 1 undefined on input line 36.



LaTeX Warning: Citation `recent2021tao' on page 1 undefined on input line 36.


LaTeX Warning: Citation `recent2023damewood' on page 1 undefined on input line 
36.


LaTeX Warning: Citation `recent2022choudhary' on page 1 undefined on input line
 36.


LaTeX Warning: Citation `recent2023heid' on page 1 undefined on input line 36.


LaTeX Warning: Citation `breiman2001rf' on page 1 undefined on input line 36.


LaTeX Warning: Citation `friedman2001gbr' on page 1 undefined on input line 36.



LaTeX Warning: Citation `zhang2018mixup' on page 1 undefined on input line 36.


LaTeX Warning: Citation `izmailov2018swa' on page 1 undefined on input line 36.



LaTeX Warning: Citation `recent2025hollmann' on page 1 undefined on input line 
36.


LaTeX Warning: Citation `recent2023dou' on page 1 undefined on input line 36.


LaTeX Warning: Citation `recent2023xu' on page 1 undefined on input line 36.


LaTeX Warning: Citation `ovadia2019uncertainty' on page 1 undefined on input li
ne 38.


LaTeX Warning: Citation `quinonero2009dataset' on page 1 undefined on input lin
e 38.


LaTeX Warning: Citation `mouret2017realitygap' on page 1 undefined on input lin
e 38.


LaTeX Warning: Citation `shen2021ood' on page 1 undefined on input line 38.


LaTeX Warning: Citation `gulrajani2021domain' on page 1 undefined on input line
 38.


LaTeX Warning: Citation `meredig2018can' on page 1 undefined on input line 38.


LaTeX Warning: Citation `krueger2021outofdistribution' on page 1 undefined on i
nput line 38.


LaTeX Warning: Citation `lin2023ohe' on page 1 undefined on input line 38.


LaTeX Warning: Citation `wang2020oodsurvey' on page 1 undefined on input line 3
8.


LaTeX Warning: Citation `hendrycks2019benchmark' on page 1 undefined on input l
ine 38.


LaTeX Warning: Citation `he2016resnet' on page 1 undefined on input line 40.


LaTeX Warning: Citation `kingma2015adam' on page 1 undefined on input line 40.


LaTeX Warning: Citation `loshchilov2019adamw' on page 1 undefined on input line
 40.


LaTeX Warning: Citation `smith2019onecycle' on page 1 undefined on input line 4
0.


LaTeX Warning: Citation `hornik1989mlp' on page 1 undefined on input line 40.


LaTeX Warning: Citation `vaswani2017attention' on page 1 undefined on input lin
e 40.


LaTeX Warning: Citation `perez2018film' on page 1 undefined on input line 40.


LaTeX Warning: Citation `foret2021sam' on page 1 undefined on input line 40.


LaTeX Warning: Citation `srivastava2014dropout' on page 1 undefined on input li
ne 40.


LaTeX Warning: Citation `ioffe2015batchnorm' on page 1 undefined on input line 
40.


LaTeX Warning: Citation `hendrycks2016gelu' on page 1 undefined on input line 4
0.


LaTeX Warning: Citation `yun2020transformers' on page 1 undefined on input line
 40.


LaTeX Warning: Citation `shahriari2016bayesian' on page 1 undefined on input li
ne 40.


LaTeX Warning: Citation `chu2020smooth' on page 1 undefined on input line 40.


LaTeX Warning: Citation `chen2022activelearning' on page 1 undefined on input l
ine 40.


LaTeX Warning: Citation `snelson2006gp' on page 1 undefined on input line 40.


LaTeX Warning: Citation `settles2009al' on page 1 undefined on input line 40.


LaTeX Warning: Citation `recent2021karniadaki' on page 1 undefined on input lin
e 40.


LaTeX Warning: Citation `recent2022cuomo' on page 1 undefined on input line 40.



LaTeX Warning: Citation `recent2023pyun' on page 1 undefined on input line 40.


LaTeX Warning: Citation `recent2025xue' on page 1 undefined on input line 40.


LaTeX Warning: Citation `recent2024wang' on page 1 undefined on input line 40.


LaTeX Warning: Citation `egozcue2003clr' on page 1 undefined on input line 40.


LaTeX Warning: Citation `cole2020design' on page 1 undefined on input line 40.


LaTeX Warning: Citation `wang2023hydrogelML' on page 1 undefined on input line 
40.


LaTeX Warning: Citation `pawlowsky2015modeling' on page 1 undefined on input li
ne 40.

[1

{C:/Users/TS/AppData/Local/MiKTeX/fonts/map/pdftex/pdftex.map}]

LaTeX Warning: File `Figures/Figure1_pipeline.png' not found on input line 52.


! Package pdftex.def Error: File `Figures/Figure1_pipeline.png' not found: usin
g draft setting.

See the pdftex.def package documentation for explanation.
Type  H <return>  for immediate help.
 ...                                              
                                                  
l.52 ...1\textwidth]{Figures/Figure1_pipeline.png}
                                                  
Try typing  <return>  to proceed.
If that doesn't work, type  X <return>  to quit.


LaTeX Warning: `h' float specifier changed to `ht'.


LaTeX Warning: Citation `liao2025nature' on page 2 undefined on input line 60.


LaTeX Warning: Citation `liao2025nature' on page 2 undefined on input line 63.


LaTeX Warning: Citation `tibshirani1996lasso' on page 2 undefined on input line
 63.


LaTeX Warning: Citation `ward2017magpie' on page 2 undefined on input line 66.


LaTeX Warning: Citation `audus2019polymer' on page 2 undefined on input line 66
.


LaTeX Warning: Citation `jain2013materials' on page 2 undefined on input line 6
6.


LaTeX Warning: File `Figures/Figure2_architecture.png' not found on input line 
74.


! Package pdftex.def Error: File `Figures/Figure2_architecture.png' not found: 
using draft setting.

See the pdftex.def package documentation for explanation.
Type  H <return>  for immediate help.
 ...                                              
                                                  
l.74 ...xtwidth]{Figures/Figure2_architecture.png}
                                                  
Try typing  <return>  to proceed.
If that doesn't work, type  X <return>  to quit.


LaTeX Warning: `h' float specifier changed to `ht'.


LaTeX Warning: Citation `nadeau2003inference' on page 2 undefined on input line
 82.


LaTeX Warning: Citation `efron1994bootstrap' on page 2 undefined on input line 
82.


LaTeX Warning: Citation `wilcoxon1945' on page 2 undefined on input line 82.


LaTeX Warning: Citation `demsar2006statistical' on page 2 undefined on input li
ne 82.


LaTeX Warning: Citation `yang2022conformal' on page 2 undefined on input line 8
2.


LaTeX Warning: Citation `holm1979' on page 2 undefined on input line 82.


LaTeX Warning: Citation `benjamini1995fdr' on page 2 undefined on input line 82
.

[2]

LaTeX Warning: File `Figures/Figure3_dataset.png' not found on input line 104.


! Package pdftex.def Error: File `Figures/Figure3_dataset.png' not found: using
 draft setting.

See the pdftex.def package documentation for explanation.
Type  H <return>  for immediate help.
 ...                                              
                                                  
l.104 ...1\textwidth]{Figures/Figure3_dataset.png}
                                                  
Try typing  <return>  to proceed.
If that doesn't work, type  X <return>  to quit.


LaTeX Warning: `h' float specifier changed to `ht'.

[3]

LaTeX Warning: File `Figures/Figure4_internal_cv.png' not found on input line 1
39.


! Package pdftex.def Error: File `Figures/Figure4_internal_cv.png' not found: u
sing draft setting.

See the pdftex.def package documentation for explanation.
Type  H <return>  for immediate help.
 ...                                              
                                                  
l.139 ...mnwidth]{Figures/Figure4_internal_cv.png}
                                                  
Try typing  <return>  to proceed.
If that doesn't work, type  X <return>  to quit.


LaTeX Warning: `h' float specifier changed to `ht'.


LaTeX Warning: File `Figures/Figure5_benchmark.png' not found on input line 152
.


! Package pdftex.def Error: File `Figures/Figure5_benchmark.png' not found: usi
ng draft setting.

See the pdftex.def package documentation for explanation.
Type  H <return>  for immediate help.
 ...                                              
                                                  
l.152 ...lumnwidth]{Figures/Figure5_benchmark.png}
                                                  
Try typing  <return>  to proceed.
If that doesn't work, type  X <return>  to quit.


LaTeX Warning: `h' float specifier changed to `ht'.


LaTeX Warning: `h' float specifier changed to `ht'.


LaTeX Warning: `h' float specifier changed to `ht'.


LaTeX Warning: File `Figures/Figure6_external.png' not found on input line 205.



! Package pdftex.def Error: File `Figures/Figure6_external.png' not found: usin
g draft setting.

See the pdftex.def package documentation for explanation.
Type  H <return>  for immediate help.
 ...                                              
                                                  
l.205 ...olumnwidth]{Figures/Figure6_external.png}
                                                  
Try typing  <return>  to proceed.
If that doesn't work, type  X <return>  to quit.


LaTeX Warning: `h' float specifier changed to `ht'.

[4]

LaTeX Warning: File `Figures/Figure7_ablation.png' not found on input line 235.



! Package pdftex.def Error: File `Figures/Figure7_ablation.png' not found: usin
g draft setting.

See the pdftex.def package documentation for explanation.
Type  H <return>  for immediate help.
 ...                                              
                                                  
l.235 ...olumnwidth]{Figures/Figure7_ablation.png}
                                                  
Try typing  <return>  to proceed.
If that doesn't work, type  X <return>  to quit.


LaTeX Warning: `h' float specifier changed to `ht'.

[5]

LaTeX Warning: File `Figures/Figure8_interpretation.png' not found on input lin
e 248.


! Package pdftex.def Error: File `Figures/Figure8_interpretation.png' not found
: using draft setting.

See the pdftex.def package documentation for explanation.
Type  H <return>  for immediate help.
 ...                                              
                                                  
l.248 ...idth]{Figures/Figure8_interpretation.png}
                                                  
Try typing  <return>  to proceed.
If that doesn't work, type  X <return>  to quit.


LaTeX Warning: `h' float specifier changed to `ht'.


LaTeX Warning: Citation `liao2025nature' on page 6 undefined on input line 257.



LaTeX Warning: Citation `ovadia2019uncertainty' on page 6 undefined on input li
ne 257.


LaTeX Warning: Citation `shen2021ood' on page 6 undefined on input line 257.


LaTeX Warning: Citation `mouret2017realitygap' on page 6 undefined on input lin
e 257.


LaTeX Warning: Citation `ovadia2019uncertainty' on page 6 undefined on input li
ne 259.


LaTeX Warning: Citation `quinonero2009dataset' on page 6 undefined on input lin
e 259.


LaTeX Warning: Citation `mouret2017realitygap' on page 6 undefined on input lin
e 259.


LaTeX Warning: Citation `shen2021ood' on page 6 undefined on input line 259.


LaTeX Warning: Citation `gulrajani2021domain' on page 6 undefined on input line
 259.


LaTeX Warning: Citation `cai2021bioadhesives' on page 6 undefined on input line
 263.


LaTeX Warning: Citation `maier2015saltdisplacement' on page 6 undefined on inpu
t line 263.


LaTeX Warning: Citation `narayanan2021underwater' on page 6 undefined on input 
line 263.


LaTeX Warning: Citation `zhang2020catechol' on page 6 undefined on input line 2
63.


LaTeX Warning: Citation `lee2007mussel' on page 6 undefined on input line 263.


LaTeX Warning: Citation `waite2017mussel' on page 6 undefined on input line 263
.


LaTeX Warning: Citation `recent2022tan' on page 6 undefined on input line 263.


LaTeX Warning: Citation `recent2021zhu' on page 6 undefined on input line 263.


LaTeX Warning: Citation `recent2024panb' on page 6 undefined on input line 263.



LaTeX Warning: Citation `recent2022yangb' on page 6 undefined on input line 263
.


LaTeX Warning: Citation `recent2021ma' on page 6 undefined on input line 263.


LaTeX Warning: Citation `fan2019cationicaromatic' on page 6 undefined on input 
line 265.


LaTeX Warning: Citation `zhao2016polyelectrolyte' on page 6 undefined on input 
line 265.


LaTeX Warning: Citation `gong2010doublenetwork' on page 6 undefined on input li
ne 265.


LaTeX Warning: Citation `wei2013musseldervied' on page 6 undefined on input lin
e 265.


LaTeX Warning: Citation `wang2021selfcoacervation' on page 6 undefined on input
 line 265.


LaTeX Warning: Citation `zhang2022hydrationextent' on page 6 undefined on input
 line 267.


LaTeX Warning: Citation `valle2005hydrationforces' on page 6 undefined on input
 line 267.


LaTeX Warning: Citation `hommer2009polycarboxylate' on page 6 undefined on inpu
t line 267.


LaTeX Warning: Citation `narayanan2021underwater' on page 6 undefined on input 
line 267.


LaTeX Warning: Citation `cai2021bioadhesives' on page 6 undefined on input line
 269.


LaTeX Warning: Citation `fan2019cationicaromatic' on page 6 undefined on input 
line 269.


LaTeX Warning: Citation `kim2023smallML' on page 6 undefined on input line 275.



LaTeX Warning: Citation `agrawal2016mlmaterials' on page 6 undefined on input l
ine 275.


LaTeX Warning: Citation `isayev2017mlmaterials' on page 6 undefined on input li
ne 275.


LaTeX Warning: Citation `ward2018mlcomposite' on page 6 undefined on input line
 275.


LaTeX Warning: Citation `recent2022rao' on page 6 undefined on input line 275.


LaTeX Warning: Citation `recent2021mishin' on page 6 undefined on input line 27
5.


LaTeX Warning: Citation `recent2025li' on page 6 undefined on input line 275.


LaTeX Warning: Citation `recent2022shokrollah' on page 6 undefined on input lin
e 275.


LaTeX Warning: Citation `recent2023kibrete' on page 6 undefined on input line 2
75.

[6]

LaTeX Warning: Citation `liao2025nature' on page 7 undefined on input line 279.



LaTeX Warning: Citation `kim2023smallML' on page 7 undefined on input line 279.



LaTeX Warning: Citation `agrawal2016mlmaterials' on page 7 undefined on input l
ine 279.


LaTeX Warning: Citation `isayev2017mlmaterials' on page 7 undefined on input li
ne 279.


LaTeX Warning: Citation `zitnick2020materials' on page 7 undefined on input lin
e 279.


LaTeX Warning: Citation `chen2022activelearning' on page 7 undefined on input l
ine 281.

[7]
No file _syntax_body.bbl.
[8] [9] [10] [11] [12] [13] [14] [15] [16] (_syntax_body.aux)
 ***********
LaTeX2e <2025-11-01>
L3 programming layer <2025-12-24>
 ***********


LaTeX Warning: There were undefined references.


LaTeX Warning: Label(s) may have changed. Rerun to get cross-references right.


Package rerunfilecheck Warning: File `_syntax_body.out' has changed.
(rerunfilecheck)                Rerun to get outlines right
(rerunfilecheck)                or use package `bookmark'.

Package rerunfilecheck Info: Checksums for `_syntax_body.out':
(rerunfilecheck)             Before: <no file>
(rerunfilecheck)             After:  5B173862AD3F1F2865228541F1FC292B;5144.
 )
(\end occurred inside a group at level 1)

### semi simple group (level 1) entered at line 12 (\begingroup)
### bottom level 
Here is how much of TeX's memory you used:
 11446 strings out of 467871
 187810 string characters out of 5419829
 617053 words of memory out of 5000000
 40165 multiletter control sequences out of 15000+600000
 632790 words of font info for 58 fonts, out of 8000000 for 9000
 1141 hyphenation exceptions out of 8191
 75i,9n,79p,2557b,566s stack positions out of 10000i,1000n,20000p,200000b,200000s
<C:/Users/TS/AppData/Local/Programs/MiKTeX/fonts/type1/public/a
msfonts/cm/cmbx10.pfb><C:/Users/TS/AppData/Local/Programs/MiKTeX/fonts/type1/pu
blic/amsfonts/cm/cmbx12.pfb><C:/Users/TS/AppData/Local/Programs/MiKTeX/fonts/ty
pe1/public/amsfonts/cm/cmbx9.pfb><C:/Users/TS/AppData/Local/Programs/MiKTeX/fon
ts/type1/public/amsfonts/cm/cmmi10.pfb><C:/Users/TS/AppData/Local/Programs/MiKT
eX/fonts/type1/public/amsfonts/cm/cmmi7.pfb><C:/Users/TS/AppData/Local/Programs
/MiKTeX/fonts/type1/public/amsfonts/cm/cmmi9.pfb><C:/Users/TS/AppData/Local/Pro
grams/MiKTeX/fonts/type1/public/amsfonts/cm/cmr10.pfb><C:/Users/TS/AppData/Loca
l/Programs/MiKTeX/fonts/type1/public/amsfonts/cm/cmr5.pfb><C:/Users/TS/AppData/
Local/Programs/MiKTeX/fonts/type1/public/amsfonts/cm/cmr6.pfb><C:/Users/TS/AppD
ata/Local/Programs/MiKTeX/fonts/type1/public/amsfonts/cm/cmr7.pfb><C:/Users/TS/
AppData/Local/Programs/MiKTeX/fonts/type1/public/amsfonts/cm/cmr9.pfb><C:/Users
/TS/AppData/Local/Programs/MiKTeX/fonts/type1/public/amsfonts/cm/cmsy10.pfb><C:
/Users/TS/AppData/Local/Programs/MiKTeX/fonts/type1/public/amsfonts/cm/cmsy7.pf
b><C:/Users/TS/AppData/Local/Programs/MiKTeX/fonts/type1/public/amsfonts/cm/cms
y9.pfb><C:/Users/TS/AppData/Local/Programs/MiKTeX/fonts/type1/public/amsfonts/c
m/cmti10.pfb><C:/Users/TS/AppData/Local/Programs/MiKTeX/fonts/type1/public/amsf
onts/cm/cmtt10.pfb>
Output written on _syntax_body.pdf (16 pages, 267840 bytes).
PDF statistics:
 212 PDF objects out of 1000 (max. 8388607)
 61 named destinations out of 1000 (max. 500000)
 1 words of extra memory for PDF output out of 10000 (max. 10000000)

