
==============================================================================
RUN ALL  --  SIMPLEX
==============================================================================
  project : C:/Users/TS/WorkBuddy/HydroGelNet
  python  : C:/Users/TS/.conda/envs/HydroGelNet/python.exe
  stages  : tune -> train -> baselines -> stats -> gate -> interpret -> figures -> tables -> paper

##############################################################################
# STEP 4/9  hyper-parameter search and ablation
# C:/Users/TS/.conda/envs/HydroGelNet/python.exe C:\Users\TS\WorkBuddy\HydroGelNet\code\tuner.py --coarse 60 --fine 40
##############################################################################

==============================================================================
STEP 4/9  HYPER-PARAMETER SEARCH + ABLATION
==============================================================================

  -- coarse search (60 candidates) --
C:\Users\TS\WorkBuddy\HydroGelNet\code\trainer.py:510: UserWarning: Converting a tensor with requires_grad=True to a scalar may lead to unexpected behavior.
Consider using tensor.detach() first. (Triggered internally at C:\actions-runner\_work\pytorch\pytorch\torch\csrc\autograd\generated\python_variable_methods.cpp:822.)
  if float(loss) == 0.0:
    [  0] R2=+0.6530  <-- new best
      MFM pre-training: 40 epochs done
      MFM pre-training: 40 epochs done
      MFM pre-training: 40 epochs done
    [  1] R2=+0.7892  <-- new best
      MFM pre-training: 20 epochs done
      MFM pre-training: 20 epochs done
      MFM pre-training: 20 epochs done
      MFM pre-training: 20 epochs done
      MFM pre-training: 20 epochs done
      MFM pre-training: 20 epochs done
    [ 10] R2=+0.7764
      MFM pre-training: 30 epochs done
      MFM pre-training: 30 epochs done
      MFM pre-training: 30 epochs done
      MFM pre-training: 30 epochs done
      MFM pre-training: 30 epochs done
      MFM pre-training: 30 epochs done
      MFM pre-training: 20 epochs done
      MFM pre-training: 20 epochs done
      MFM pre-training: 20 epochs done
    [ 14] R2=+0.7922  <-- new best
      MFM pre-training: 10 epochs done
      MFM pre-training: 10 epochs done
      MFM pre-training: 10 epochs done
    [ 20] R2=-1.9566
      MFM pre-training: 30 epochs done
      MFM pre-training: 30 epochs done
      MFM pre-training: 30 epochs done
      MFM pre-training: 30 epochs done
      MFM pre-training: 30 epochs done
      MFM pre-training: 30 epochs done
      MFM pre-training: 10 epochs done
      MFM pre-training: 10 epochs done
      MFM pre-training: 10 epochs done
      MFM pre-training: 10 epochs done
      MFM pre-training: 10 epochs done
      MFM pre-training: 10 epochs done
    [ 30] R2=-1.2208
      MFM pre-training: 10 epochs done
      MFM pre-training: 10 epochs done
      MFM pre-training: 10 epochs done
      MFM pre-training: 40 epochs done
      MFM pre-training: 40 epochs done
      MFM pre-training: 40 epochs done
      MFM pre-training: 30 epochs done
      MFM pre-training: 30 epochs done
      MFM pre-training: 30 epochs done
      MFM pre-training: 10 epochs done
      MFM pre-training: 10 epochs done
      MFM pre-training: 10 epochs done
    [ 36] R2=+0.7960  <-- new best
      MFM pre-training: 10 epochs done
      MFM pre-training: 10 epochs done
      MFM pre-training: 10 epochs done
    [ 40] R2=-12.0753
      MFM pre-training: 20 epochs done
      MFM pre-training: 20 epochs done
      MFM pre-training: 20 epochs done
      MFM pre-training: 10 epochs done
      MFM pre-training: 10 epochs done
      MFM pre-training: 10 epochs done
      MFM pre-training: 10 epochs done
      MFM pre-training: 10 epochs done
      MFM pre-training: 10 epochs done
      MFM pre-training: 40 epochs done
      MFM pre-training: 40 epochs done
      MFM pre-training: 40 epochs done
    [ 50] R2=-1.2721
      MFM pre-training: 10 epochs done
      MFM pre-training: 10 epochs done
      MFM pre-training: 10 epochs done
      MFM pre-training: 30 epochs done
      MFM pre-training: 30 epochs done
      MFM pre-training: 30 epochs done
      MFM pre-training: 40 epochs done
      MFM pre-training: 40 epochs done
      MFM pre-training: 40 epochs done
      MFM pre-training: 10 epochs done
      MFM pre-training: 10 epochs done
      MFM pre-training: 10 epochs done
      MFM pre-training: 20 epochs done
      MFM pre-training: 20 epochs done
      MFM pre-training: 20 epochs done
      MFM pre-training: 40 epochs done
      MFM pre-training: 40 epochs done
      MFM pre-training: 40 epochs done

  -- fine search (40 candidates around the winner) --
    [  3] R2=+0.7966  <-- new best
    [ 27] R2=+0.7975  <-- new best
    [ 37] R2=+0.8010  <-- new best

  search finished. best R2 = +0.8010
  log: C:/Users/TS/WorkBuddy/HydroGelNet\results\tuning\search_log.csv

  -- ablation (21 components + 3 fusion variants) --
    full model                       R2=+0.8010  (89s)
    w/o multimodal fusion            R2=+0.7397  (66s)
    w/o sparse attention             R2=+0.7651  (84s)
    w/o attention sparsity reg.      R2=+0.8010  (88s)
    w/o FiLM conditioning            R2=+0.7940  (88s)
    w/o task-specific gating         R2=+0.7956  (91s)
    w/o residual blocks              R2=+0.7848  (108s)
    w/o contrastive pre-training     R2=+0.7915  (88s)
    w/o Mixup                        R2=+0.7955  (113s)
    w/o SWA                          R2=+0.8010  (83s)
    w/o uncertainty weighting        R2=+0.8010  (89s)
    w/o domain constraint            R2=+0.8010  (88s)
    w/o modality gate                R2=+0.7861  (76s)
    w/o transformer block            R2=+0.8010  (93s)
    w/o SAM                          R2=+0.8010  (92s)
    w/o EMA                          R2=+0.8010  (81s)
    w/o R-Drop                       R2=+0.7954  (57s)
    w/o feature noise                R2=+0.7913  (95s)
    w/o MFM pre-training             R2=+0.8010  (90s)
    w/o MC-Dropout                   R2=+0.8010  (109s)
    w/o pretrained transfer          R2=+0.8010  (111s)
    fusion = concat                   R2=+0.7799
    fusion = film                     R2=+0.7889
    fusion = cross                    R2=+0.7881
Traceback (most recent call last):
  File "C:\Users\TS\WorkBuddy\HydroGelNet\code\tuner.py", line 322, in <module>
    sys.exit(main())
             ^^^^^^
  File "C:\Users\TS\WorkBuddy\HydroGelNet\code\tuner.py", line 301, in main
    abl.to_csv(paths.ABLATION_CSV, index=False)
  File "C:\Users\TS\.conda\envs\HydroGelNet\Lib\site-packages\pandas\util\_decorators.py", line 333, in wrapper
    return func(*args, **kwargs)
           ^^^^^^^^^^^^^^^^^^^^^
  File "C:\Users\TS\.conda\envs\HydroGelNet\Lib\site-packages\pandas\core\generic.py", line 3989, in to_csv
    return DataFrameRenderer(formatter).to_csv(
           ^^^^^^^^^^^^^^^^^^^^^^^^^^^^^^^^^^^^
  File "C:\Users\TS\.conda\envs\HydroGelNet\Lib\site-packages\pandas\io\formats\format.py", line 1014, in to_csv
    csv_formatter.save()
  File "C:\Users\TS\.conda\envs\HydroGelNet\Lib\site-packages\pandas\io\formats\csvs.py", line 251, in save
    with get_handle(
         ^^^^^^^^^^^
  File "C:\Users\TS\.conda\envs\HydroGelNet\Lib\site-packages\pandas\io\common.py", line 873, in get_handle
    handle = open(
             ^^^^^
PermissionError: [Errno 13] Permission denied: 'C:/Users/TS/WorkBuddy/HydroGelNet\\results\\ablation\\ablation.csv'

  [tune] FAILED (1) in 9647.9s
Traceback (most recent call last):
  File "C:\Users\TS\WorkBuddy\HydroGelNet\code\run_all.py", line 349, in <module>
    sys.exit(main())
             ^^^^^^
  File "C:\Users\TS\WorkBuddy\HydroGelNet\code\run_all.py", line 315, in main
    log = write_log(records, a)
          ^^^^^^^^^^^^^^^^^^^^^
  File "C:\Users\TS\WorkBuddy\HydroGelNet\code\run_all.py", line 191, in write_log
    with open(path, "w", encoding="utf-8") as fh:
         ^^^^^^^^^^^^^^^^^^^^^^^^^^^^^^^^^
PermissionError: [Errno 13] Permission denied: 'C:/Users/TS/WorkBuddy/HydroGelNet\\results\\run_log.md'
