
==============================================================================
RUN ALL  --  SIMPLEX
==============================================================================
  project : C:/Users/TS/WorkBuddy/HydroGelNet
  python  : C:/Users/TS/.conda/envs/HydroGelNet/python.exe
  stages  : train -> baselines -> stats -> gate -> interpret -> figures -> tables -> paper

##############################################################################
# STEP 5/9  cross-validated training
# C:/Users/TS/.conda/envs/HydroGelNet/python.exe C:\Users\TS\WorkBuddy\HydroGelNet\code\trainer.py --config C:/Users/TS/WorkBuddy/HydroGelNet\results\tuning\best_config_final.json --tag main --seeds 5
##############################################################################

==============================================================================
STEP 5/9  CROSS-VALIDATED TRAINING
==============================================================================
  loaded config: C:/Users/TS/WorkBuddy/HydroGelNet\results\tuning\best_config_final.json
  internal n=316  external n=25  task=regression  seeds=[42, 2024, 7, 1337, 20260731]
C:\Users\TS\WorkBuddy\HydroGelNet\code\trainer.py:510: UserWarning: Converting a tensor with requires_grad=True to a scalar may lead to unexpected behavior.
Consider using tensor.detach() first. (Triggered internally at C:\actions-runner\_work\pytorch\pytorch\torch\csrc\autograd\generated\python_variable_methods.cpp:822.)
  if float(loss) == 0.0:
    seed=42 fold=0  R2=0.7907  ep=165  swa=False
    seed=42 fold=1  R2=0.8707  ep=138  swa=False
    seed=42 fold=2  R2=0.6017  ep=139  swa=False
    seed=42 fold=3  R2=0.8149  ep=162  swa=False
    seed=42 fold=4  R2=0.8471  ep=148  swa=False
    seed=2024 fold=0  R2=0.6727  ep=111  swa=False
    seed=2024 fold=1  R2=0.7886  ep=77  swa=False
    seed=2024 fold=2  R2=0.8083  ep=133  swa=False
    seed=2024 fold=3  R2=0.8320  ep=166  swa=False
    seed=2024 fold=4  R2=0.8109  ep=190  swa=False
    seed=7 fold=0  R2=0.8221  ep=93  swa=False
    seed=7 fold=1  R2=0.7433  ep=183  swa=False
    seed=7 fold=2  R2=0.8088  ep=114  swa=False
    seed=7 fold=3  R2=0.7485  ep=175  swa=False
    seed=7 fold=4  R2=0.8171  ep=142  swa=False
    seed=1337 fold=0  R2=0.8405  ep=165  swa=False
    seed=1337 fold=1  R2=0.8069  ep=171  swa=False
    seed=1337 fold=2  R2=0.7670  ep=220  swa=False
    seed=1337 fold=3  R2=0.6281  ep=50  swa=False
    seed=1337 fold=4  R2=0.7378  ep=127  swa=False
    seed=20260731 fold=0  R2=0.6668  ep=125  swa=False
    seed=20260731 fold=1  R2=0.8002  ep=142  swa=False
    seed=20260731 fold=2  R2=0.8270  ep=170  swa=False
    seed=20260731 fold=3  R2=0.8485  ep=118  swa=False
    seed=20260731 fold=4  R2=0.7575  ep=83  swa=False
  [main] mean R2 = 0.7783 +/- 0.0702   (1898.9s)
Traceback (most recent call last):
  File "C:\Users\TS\WorkBuddy\HydroGelNet\code\trainer.py", line 908, in <module>
    sys.exit(main())
             ^^^^^^
  File "C:\Users\TS\WorkBuddy\HydroGelNet\code\trainer.py", line 877, in main
    metrics.to_csv(paths.CV_OUTER_CSV, index=False)
  File "C:\Users\TS\.conda\envs\HydroGelNet\Lib\site-packages\pandas\util\_decorators.py", line 333, in wrapper
    return func(*args, **kwargs)
           ^^^^^^^^^^^^^^^^^^^^^
  File "C:\Users\TS\.conda\envs\HydroGelNet\Lib\site-packages\pandas\core\generic.py", line 3989, in to_csv
    return DataFrameRenderer(formatter).to_csv(
           ^^^^^^^^^^^^^^^^^^^^^^^^^^^^^^^^^^^^
  File "C:\Users\TS\.conda\envs\HydroGelNet\Lib\site-packages\pandas\io\formats\format.py", line 1014, in to_csv
    csv_formatter.save()
  File "C:\Users\TS\.conda\envs\HydroGelNet\Lib\site-packages\pandas\io\formats\csvs.py", line 251, in save
    with get_handle(
         ^^^^^^^^^^^
  File "C:\Users\TS\.conda\envs\HydroGelNet\Lib\site-packages\pandas\io\common.py", line 873, in get_handle
    handle = open(
             ^^^^^
PermissionError: [Errno 13] Permission denied: 'C:/Users/TS/WorkBuddy/HydroGelNet\\results\\metrics\\cv_outer.csv'

  [train] FAILED (1) in 1908.0s
Traceback (most recent call last):
  File "C:\Users\TS\WorkBuddy\HydroGelNet\code\run_all.py", line 358, in <module>
    sys.exit(main())
             ^^^^^^
  File "C:\Users\TS\WorkBuddy\HydroGelNet\code\run_all.py", line 324, in main
    log = write_log(records, a)
          ^^^^^^^^^^^^^^^^^^^^^
  File "C:\Users\TS\WorkBuddy\HydroGelNet\code\run_all.py", line 200, in write_log
    with open(path, "w", encoding="utf-8") as fh:
         ^^^^^^^^^^^^^^^^^^^^^^^^^^^^^^^^^
PermissionError: [Errno 13] Permission denied: 'C:/Users/TS/WorkBuddy/HydroGelNet\\results\\run_log.md'
