
==============================================================================
RUN ALL  --  SIMPLEX
==============================================================================
  project : C:/Users/TS/WorkBuddy/HydroGelNet
  python  : C:/Users/TS/.conda/envs/HydroGelNet/python.exe
  stages  : train -> baselines -> stats -> gate -> interpret -> figures -> tables -> paper

##############################################################################
# STEP 5/9  cross-validated training
# C:/Users/TS/.conda/envs/HydroGelNet/python.exe C:\Users\TS\WorkBuddy\HydroGelNet\code\trainer.py --config C:/Users/TS/WorkBuddy/HydroGelNet\results\tuning\best_config_final.json --tag main --seeds 5
##############################################################################

==============================================================================
STEP 5/9  CROSS-VALIDATED TRAINING
==============================================================================
  loaded config: C:/Users/TS/WorkBuddy/HydroGelNet\results\tuning\best_config_final.json
  internal n=316  external n=25  task=regression  seeds=[42, 2024, 7, 1337, 20260731]
C:\Users\TS\WorkBuddy\HydroGelNet\code\trainer.py:510: UserWarning: Converting a tensor with requires_grad=True to a scalar may lead to unexpected behavior.
Consider using tensor.detach() first. (Triggered internally at C:\actions-runner\_work\pytorch\pytorch\torch\csrc\autograd\generated\python_variable_methods.cpp:822.)
  if float(loss) == 0.0:
    seed=42 fold=0  R2=0.7907  ep=165  swa=False
    seed=42 fold=1  R2=0.8707  ep=138  swa=False
    seed=42 fold=2  R2=0.6017  ep=139  swa=False
    seed=42 fold=3  R2=0.8149  ep=162  swa=False
    seed=42 fold=4  R2=0.8471  ep=148  swa=False
    seed=2024 fold=0  R2=0.6727  ep=111  swa=False
    seed=2024 fold=1  R2=0.7886  ep=77  swa=False
    seed=2024 fold=2  R2=0.8083  ep=133  swa=False
    seed=2024 fold=3  R2=0.8320  ep=166  swa=False
    seed=2024 fold=4  R2=0.8109  ep=190  swa=False
    seed=7 fold=0  R2=0.8221  ep=93  swa=False
    seed=7 fold=1  R2=0.7433  ep=183  swa=False
    seed=7 fold=2  R2=0.8088  ep=114  swa=False
    seed=7 fold=3  R2=0.7485  ep=175  swa=False
    seed=7 fold=4  R2=0.8171  ep=142  swa=False
    seed=1337 fold=0  R2=0.8405  ep=165  swa=False
    seed=1337 fold=1  R2=0.8069  ep=171  swa=False
TRAIN_EXIT=127
