
==============================================================================
STEP 4/9  HYPER-PARAMETER SEARCH + ABLATION
==============================================================================
  reusing C:/Users/TS/WorkBuddy/HydroGelNet\results\tuning\best_config.json

  -- ablation (21 components + 3 fusion variants) --
C:\Users\TS\WorkBuddy\HydroGelNet\code\trainer.py:510: UserWarning: Converting a tensor with requires_grad=True to a scalar may lead to unexpected behavior.
Consider using tensor.detach() first. (Triggered internally at C:\actions-runner\_work\pytorch\pytorch\torch\csrc\autograd\generated\python_variable_methods.cpp:822.)
  if float(loss) == 0.0:
    full model                       R2=+0.8010  (91s)
    w/o multimodal fusion            R2=+0.7397  (61s)
    w/o sparse attention             R2=+0.7651  (84s)
    w/o attention sparsity reg.      R2=+0.8010  (81s)
    w/o FiLM conditioning            R2=+0.7940  (75s)
    w/o task-specific gating         R2=+0.7956  (98s)
    w/o residual blocks              R2=+0.7848  (232s)
    w/o contrastive pre-training     R2=+0.7915  (269s)
    w/o Mixup                        R2=+0.7955  (340s)
    w/o SWA                          R2=+0.8010  (187s)
    w/o uncertainty weighting        R2=+0.8010  (271s)
    w/o domain constraint            R2=+0.8010  (272s)
    w/o modality gate                R2=+0.7861  (209s)
    w/o transformer block            R2=+0.8010  (171s)
    w/o SAM                          R2=+0.8010  (216s)
    w/o EMA                          R2=+0.8010  (162s)
    w/o R-Drop                       R2=+0.7954  (116s)
    w/o feature noise                R2=+0.7913  (179s)
    w/o MFM pre-training             R2=+0.8010  (198s)
    w/o MC-Dropout                   R2=+0.8010  (202s)
    w/o pretrained transfer          R2=+0.8010  (150s)
    fusion = concat                   R2=+0.7799
    fusion = film                     R2=+0.7889
    fusion = cross                    R2=+0.7881
Traceback (most recent call last):
  File "C:\Users\TS\WorkBuddy\HydroGelNet\code\tuner.py", line 348, in <module>
    sys.exit(main())
             ^^^^^^
  File "C:\Users\TS\WorkBuddy\HydroGelNet\code\tuner.py", line 319, in main
    _write_csv_retry(abl, paths.ABLATION_CSV)
  File "C:\Users\TS\WorkBuddy\HydroGelNet\code\tuner.py", line 60, in _write_csv_retry
    df.to_csv(path, index=False)  # final attempt; raise if still locked
    ^^^^^^^^^^^^^^^^^^^^^^^^^^^^
  File "C:\Users\TS\.conda\envs\HydroGelNet\Lib\site-packages\pandas\util\_decorators.py", line 333, in wrapper
    return func(*args, **kwargs)
           ^^^^^^^^^^^^^^^^^^^^^
  File "C:\Users\TS\.conda\envs\HydroGelNet\Lib\site-packages\pandas\core\generic.py", line 3989, in to_csv
    return DataFrameRenderer(formatter).to_csv(
           ^^^^^^^^^^^^^^^^^^^^^^^^^^^^^^^^^^^^
  File "C:\Users\TS\.conda\envs\HydroGelNet\Lib\site-packages\pandas\io\formats\format.py", line 1014, in to_csv
    csv_formatter.save()
  File "C:\Users\TS\.conda\envs\HydroGelNet\Lib\site-packages\pandas\io\formats\csvs.py", line 251, in save
    with get_handle(
         ^^^^^^^^^^^
  File "C:\Users\TS\.conda\envs\HydroGelNet\Lib\site-packages\pandas\io\common.py", line 873, in get_handle
    handle = open(
             ^^^^^
PermissionError: [Errno 13] Permission denied: 'C:/Users/TS/WorkBuddy/HydroGelNet\\results\\ablation\\ablation.csv'
